=== Math-T1 -> Math-T1 (vs mimics) ===
=== Summary ===
  Successful: 30/30  in 111.5s
=== Summary ===
  Successful: 30/30  in 86.5s
=== Summary ===
  Successful: 30/30  in 92.0s
=== Summary ===
  Successful: 30/30  in 78.4s
=== Summary ===
  Successful: 30/30  in 57.7s
--- Math-T1 done ---
=== Math-T2 -> Math-T2 (vs mimics) ===
=== Summary ===
  Successful: 30/30  in 58.1s
=== Summary ===
  Successful: 30/30  in 57.8s
=== Summary ===
  Successful: 30/30  in 57.8s
=== Summary ===
  Successful: 30/30  in 57.7s
=== Summary ===
  Successful: 30/30  in 57.8s
--- Math-T2 done ---
=== Math-T3 -> Math-T3 (vs mimics) ===
=== Summary ===
  Successful: 30/30  in 64.7s
    [seed 129] Math-T3 59: Step worker stopped unexpectedly.
    [seed 130] Math-T3 60: Step worker stopped unexpectedly.
=== Summary ===
  Successful: 30/30  in 66.0s
=== Summary ===
  Successful: 30/30  in 67.0s
=== Summary ===
  Successful: 30/30  in 70.8s
--- Math-T3 done ---
=== Math-T4 -> Math-T4 (vs mimics) ===
=== Summary ===
  Successful: 30/30  in 76.3s
=== Summary ===
  Successful: 30/30  in 66.1s
=== Summary ===
  Successful: 30/30  in 57.7s
    [seed 315] Math-T4 105: Step worker stopped unexpectedly.
    [seed 316] Math-T4 106: Step worker stopped unexpectedly.
=== Summary ===
  Successful: 30/30  in 61.9s
--- Math-T4 done ---
=== Math-T5 -> Math-T5 (vs mimics) ===
=== Summary ===
  Successful: 30/30  in 74.5s
=== Summary ===
  Successful: 30/30  in 74.3s
  Successful: 29/30  in 74.8s
    [seed 205] Math-T5 65: Step worker stopped unexpectedly.
=== Summary ===
  Successful: 30/30  in 74.6s
    [seed 427] Math-T5 147: Step worker stopped unexpectedly.
    [seed 428] Math-T5 148: Step worker stopped unexpectedly.
--- Math-T5 done ---
