  ep   200/6000  avg_reward=+8.39  buyer_avg=+8.66  seller_avg=+8.13  agreed=True
  ep   400/6000  avg_reward=+8.71  buyer_avg=+9.59  seller_avg=+7.84  agreed=False
  ep   600/6000  avg_reward=+8.47  buyer_avg=+9.89  seller_avg=+7.06  agreed=True
  ep   800/6000  avg_reward=+10.82  buyer_avg=+12.70  seller_avg=+8.95  agreed=False
  ep  1000/6000  avg_reward=+10.89  buyer_avg=+10.78  seller_avg=+11.00  agreed=False
  ep  1200/6000  avg_reward=+9.94  buyer_avg=+11.58  seller_avg=+8.29  agreed=False
  ep  1400/6000  avg_reward=+10.91  buyer_avg=+11.42  seller_avg=+10.41  agreed=True
  ep  1600/6000  avg_reward=+12.34  buyer_avg=+12.05  seller_avg=+12.62  agreed=True
  ep  1800/6000  avg_reward=+10.62  buyer_avg=+13.48  seller_avg=+7.76  agreed=True
  ep  2000/6000  avg_reward=+9.31  buyer_avg=+10.52  seller_avg=+8.10  agreed=False
  ep  2200/6000  avg_reward=+12.38  buyer_avg=+12.43  seller_avg=+12.33  agreed=False
  ep  2400/6000  avg_reward=+10.71  buyer_avg=+12.06  seller_avg=+9.35  agreed=True
  ep  2600/6000  avg_reward=+10.83  buyer_avg=+11.59  seller_avg=+10.07  agreed=True
  ep  2800/6000  avg_reward=+14.11  buyer_avg=+14.40  seller_avg=+13.81  agreed=False
  ep  3000/6000  avg_reward=+11.89  buyer_avg=+14.65  seller_avg=+9.14  agreed=True
  ep  3200/6000  avg_reward=+10.28  buyer_avg=+13.87  seller_avg=+6.69  agreed=True
  ep  3400/6000  avg_reward=+9.27  buyer_avg=+11.01  seller_avg=+7.53  agreed=False
  ep  3600/6000  avg_reward=+12.81  buyer_avg=+17.53  seller_avg=+8.10  agreed=True
  ep  3800/6000  avg_reward=+11.52  buyer_avg=+14.47  seller_avg=+8.56  agreed=True
  ep  4000/6000  avg_reward=+13.26  buyer_avg=+15.75  seller_avg=+10.76  agreed=True
  ep  4200/6000  avg_reward=+12.80  buyer_avg=+14.92  seller_avg=+10.68  agreed=False
  ep  4400/6000  avg_reward=+11.66  buyer_avg=+13.74  seller_avg=+9.59  agreed=True
  ep  4600/6000  avg_reward=+14.16  buyer_avg=+19.75  seller_avg=+8.57  agreed=False
  ep  4800/6000  avg_reward=+13.29  buyer_avg=+15.88  seller_avg=+10.70  agreed=False
  ep  5000/6000  avg_reward=+10.38  buyer_avg=+12.78  seller_avg=+7.97  agreed=True
  ep  5200/6000  avg_reward=+12.68  buyer_avg=+13.70  seller_avg=+11.65  agreed=False
  ep  5400/6000  avg_reward=+11.84  buyer_avg=+13.79  seller_avg=+9.89  agreed=False
  ep  5600/6000  avg_reward=+11.06  buyer_avg=+13.59  seller_avg=+8.53  agreed=False
  ep  5800/6000  avg_reward=+10.65  buyer_avg=+11.92  seller_avg=+9.38  agreed=True
  ep  6000/6000  avg_reward=+11.06  buyer_avg=+13.24  seller_avg=+8.88  agreed=True

Final avg = +11.06, best = +14.16
