BC warm-start: collecting 30 T4 episodes...
BC dataset: 360 (obs, action) pairs. Pretraining 60 epochs...
  BC epoch 12/60  mse=0.1478
  BC epoch 24/60  mse=0.1191
  BC epoch 36/60  mse=0.0939
  BC epoch 48/60  mse=0.0743
  BC epoch 60/60  mse=0.0623
Training PPO for 8000 episodes; opponents = mimic pool
  ep     1/8000  reward_last100=+1.000  wins= 1  p_loss=-0.0346  v_loss=0.1533
  ep    50/8000  reward_last100=+1.440  wins= 1  p_loss=-0.0342  v_loss=0.0483
  ep   100/8000  reward_last100=+1.340  wins= 1  p_loss=-0.0516  v_loss=0.0627
  ep   150/8000  reward_last100=+1.315  wins= 1  p_loss=-0.0531  v_loss=0.0102
  ep   200/8000  reward_last100=+1.325  wins= 1  p_loss=-0.0355  v_loss=0.0488
  ep   250/8000  reward_last100=+1.270  wins= 2  p_loss=+0.0142  v_loss=0.4132
  ep   300/8000  reward_last100=+1.345  wins= 1  p_loss=-0.0140  v_loss=0.0292
  ep   350/8000  reward_last100=+1.320  wins= 2  p_loss=-0.0720  v_loss=0.4597
  ep   400/8000  reward_last100=+1.215  wins= 2  p_loss=-0.0019  v_loss=0.3468
  ep   450/8000  reward_last100=+1.255  wins= 1  p_loss=+0.0016  v_loss=0.0052
  ep   500/8000  reward_last100=+1.250  wins= 1  p_loss=-0.0841  v_loss=0.0093
  ep   550/8000  reward_last100=+1.215  wins= 1  p_loss=-0.0239  v_loss=0.0233
  ep   600/8000  reward_last100=+1.175  wins= 1  p_loss=+0.0006  v_loss=0.0402
  ep   650/8000  reward_last100=+1.175  wins= 1  p_loss=-0.0596  v_loss=0.0108
  ep   700/8000  reward_last100=+1.250  wins= 1  p_loss=-0.0162  v_loss=0.0034
  ep   750/8000  reward_last100=+1.145  wins= 1  p_loss=-0.0408  v_loss=0.0529
  ep   800/8000  reward_last100=+1.125  wins= 1  p_loss=-0.0189  v_loss=0.0284
  ep   850/8000  reward_last100=+1.220  wins= 1  p_loss=-0.0050  v_loss=0.0121
  ep   900/8000  reward_last100=+1.285  wins= 1  p_loss=-0.0404  v_loss=0.0120
  ep   950/8000  reward_last100=+1.470  wins= 4  p_loss=+0.0056  v_loss=2.8941
  ep  1000/8000  reward_last100=+1.425  wins= 1  p_loss=-0.0189  v_loss=0.0240
  ep  1050/8000  reward_last100=+1.275  wins= 2  p_loss=+0.0144  v_loss=0.3122
  ep  1100/8000  reward_last100=+1.420  wins= 1  p_loss=-0.0563  v_loss=0.0005
  ep  1150/8000  reward_last100=+1.430  wins= 1  p_loss=+0.0449  v_loss=0.0705
  ep  1200/8000  reward_last100=+1.345  wins= 1  p_loss=-0.0185  v_loss=0.0017
  ep  1250/8000  reward_last100=+1.370  wins= 1  p_loss=-0.0220  v_loss=0.0127
  ep  1300/8000  reward_last100=+1.270  wins= 1  p_loss=-0.0528  v_loss=0.0061
  ep  1350/8000  reward_last100=+1.150  wins= 1  p_loss=-0.0110  v_loss=0.0005
  ep  1400/8000  reward_last100=+1.210  wins= 1  p_loss=-0.0245  v_loss=0.0606
  ep  1450/8000  reward_last100=+1.180  wins= 1  p_loss=-0.0423  v_loss=0.0002
  ep  1500/8000  reward_last100=+1.110  wins= 1  p_loss=-0.0334  v_loss=0.0009
  ep  1550/8000  reward_last100=+1.110  wins= 1  p_loss=-0.0038  v_loss=0.0002
  ep  1600/8000  reward_last100=+1.070  wins= 1  p_loss=+0.0079  v_loss=0.0031
  ep  1650/8000  reward_last100=+1.040  wins= 1  p_loss=-0.0126  v_loss=0.0003
  ep  1700/8000  reward_last100=+1.010  wins= 1  p_loss=-0.0110  v_loss=0.0002
  ep  1750/8000  reward_last100=+1.005  wins= 1  p_loss=-0.0223  v_loss=0.0002
  ep  1800/8000  reward_last100=+1.045  wins= 1  p_loss=+0.0085  v_loss=0.0005
  ep  1850/8000  reward_last100=+1.040  wins= 1  p_loss=+0.0113  v_loss=0.0000
  ep  1900/8000  reward_last100=+1.000  wins= 1  p_loss=-0.0460  v_loss=0.0036
  ep  1950/8000  reward_last100=+1.040  wins= 1  p_loss=-0.0563  v_loss=0.0001
  ep  2000/8000  reward_last100=+1.030  wins= 1  p_loss=-0.0141  v_loss=0.0003
  ep  2050/8000  reward_last100=+1.050  wins= 1  p_loss=-0.0342  v_loss=0.0003
  ep  2100/8000  reward_last100=+1.060  wins= 1  p_loss=-0.0264  v_loss=0.0001
  ep  2150/8000  reward_last100=+1.030  wins= 1  p_loss=-0.0334  v_loss=0.0001
  ep  2200/8000  reward_last100=+1.055  wins= 1  p_loss=-0.0318  v_loss=0.0001
  ep  2250/8000  reward_last100=+1.055  wins= 1  p_loss=-0.0473  v_loss=0.0010
  ep  2300/8000  reward_last100=+1.060  wins= 1  p_loss=-0.0650  v_loss=0.0001
  ep  2350/8000  reward_last100=+1.050  wins= 1  p_loss=-0.0384  v_loss=0.0000
  ep  2400/8000  reward_last100=+1.000  wins= 1  p_loss=-0.0486  v_loss=0.0001
  ep  2450/8000  reward_last100=+1.000  wins= 1  p_loss=-0.0494  v_loss=0.0004
  ep  2500/8000  reward_last100=+1.005  wins= 1  p_loss=-0.0328  v_loss=0.0001
  ep  2550/8000  reward_last100=+0.995  wins= 1  p_loss=-0.0085  v_loss=0.0001
  ep  2600/8000  reward_last100=+0.980  wins= 1  p_loss=+0.0219  v_loss=0.0000
  ep  2650/8000  reward_last100=+1.010  wins= 1  p_loss=-0.0528  v_loss=0.0021
  ep  2700/8000  reward_last100=+1.050  wins= 1  p_loss=-0.0287  v_loss=0.0000
  ep  2750/8000  reward_last100=+1.075  wins= 1  p_loss=-0.0239  v_loss=0.0003
  ep  2800/8000  reward_last100=+1.050  wins= 1  p_loss=-0.0206  v_loss=0.0001
  ep  2850/8000  reward_last100=+1.060  wins= 1  p_loss=-0.0028  v_loss=0.0002
  ep  2900/8000  reward_last100=+1.100  wins= 1  p_loss=-0.0408  v_loss=0.0004
  ep  2950/8000  reward_last100=+1.065  wins= 1  p_loss=-0.0559  v_loss=0.0007
  ep  3000/8000  reward_last100=+1.085  wins= 3  p_loss=-0.0334  v_loss=1.7346
  ep  3050/8000  reward_last100=+1.120  wins= 1  p_loss=-0.0133  v_loss=0.0058
  ep  3100/8000  reward_last100=+1.145  wins= 5  p_loss=+0.0051  v_loss=6.1046
  ep  3150/8000  reward_last100=+1.160  wins= 1  p_loss=-0.0638  v_loss=0.0000
  ep  3200/8000  reward_last100=+1.230  wins= 3  p_loss=-0.0125  v_loss=0.6653
  ep  3250/8000  reward_last100=+1.365  wins= 1  p_loss=-0.0304  v_loss=0.0204
  ep  3300/8000  reward_last100=+1.455  wins= 1  p_loss=-0.0241  v_loss=0.0056
  ep  3350/8000  reward_last100=+1.300  wins= 1  p_loss=-0.0371  v_loss=0.0006
  ep  3400/8000  reward_last100=+1.220  wins= 1  p_loss=-0.0127  v_loss=0.0000
  ep  3450/8000  reward_last100=+1.335  wins= 1  p_loss=-0.0312  v_loss=0.0071
  ep  3500/8000  reward_last100=+1.270  wins= 1  p_loss=-0.0551  v_loss=0.0001
  ep  3550/8000  reward_last100=+1.350  wins= 1  p_loss=-0.0339  v_loss=0.0025
  ep  3600/8000  reward_last100=+1.445  wins= 3  p_loss=-0.0303  v_loss=0.6380
  ep  3650/8000  reward_last100=+1.380  wins= 1  p_loss=-0.0469  v_loss=0.0002
  ep  3700/8000  reward_last100=+1.360  wins= 2  p_loss=-0.0509  v_loss=0.1241
  ep  3750/8000  reward_last100=+1.325  wins= 1  p_loss=-0.0099  v_loss=0.0000
  ep  3800/8000  reward_last100=+1.375  wins= 1  p_loss=-0.0568  v_loss=0.0003
  ep  3850/8000  reward_last100=+1.410  wins= 1  p_loss=-0.0450  v_loss=0.0001
  ep  3900/8000  reward_last100=+1.370  wins= 2  p_loss=-0.0120  v_loss=0.0860
  ep  3950/8000  reward_last100=+1.290  wins= 1  p_loss=-0.0151  v_loss=0.0003
  ep  4000/8000  reward_last100=+1.270  wins= 1  p_loss=-0.0322  v_loss=0.0004
  ep  4050/8000  reward_last100=+1.405  wins= 1  p_loss=-0.0250  v_loss=0.0012
  ep  4100/8000  reward_last100=+1.545  wins= 1  p_loss=-0.0133  v_loss=0.0004
  ep  4150/8000  reward_last100=+1.480  wins= 1  p_loss=-0.0170  v_loss=0.0031
  ep  4200/8000  reward_last100=+1.545  wins= 1  p_loss=-0.0002  v_loss=0.0019
  ep  4250/8000  reward_last100=+1.635  wins= 2  p_loss=-0.0397  v_loss=0.0535
  ep  4300/8000  reward_last100=+1.620  wins= 1  p_loss=-0.0171  v_loss=0.0059
  ep  4350/8000  reward_last100=+1.685  wins= 1  p_loss=-0.0065  v_loss=0.0024
  ep  4400/8000  reward_last100=+1.560  wins= 3  p_loss=-0.0204  v_loss=0.4243
  ep  4450/8000  reward_last100=+1.465  wins= 2  p_loss=-0.0049  v_loss=0.3844
  ep  4500/8000  reward_last100=+1.430  wins= 1  p_loss=+0.0020  v_loss=0.0001
  ep  4550/8000  reward_last100=+1.545  wins= 1  p_loss=-0.0142  v_loss=0.0002
  ep  4600/8000  reward_last100=+1.645  wins= 1  p_loss=-0.0324  v_loss=0.0099
  ep  4650/8000  reward_last100=+1.545  wins= 8  p_loss=-0.0159  v_loss=15.0085
  ep  4700/8000  reward_last100=+1.660  wins= 1  p_loss=-0.0323  v_loss=0.0059
  ep  4750/8000  reward_last100=+1.735  wins= 3  p_loss=-0.0032  v_loss=0.3860
  ep  4800/8000  reward_last100=+1.580  wins= 1  p_loss=-0.0210  v_loss=0.0111
  ep  4850/8000  reward_last100=+1.470  wins= 1  p_loss=-0.0326  v_loss=0.0009
  ep  4900/8000  reward_last100=+1.440  wins= 1  p_loss=-0.0209  v_loss=0.0301
  ep  4950/8000  reward_last100=+1.505  wins= 1  p_loss=-0.0044  v_loss=0.0211
  ep  5000/8000  reward_last100=+1.495  wins= 2  p_loss=-0.0400  v_loss=0.0661
  ep  5050/8000  reward_last100=+1.550  wins= 2  p_loss=-0.0246  v_loss=0.3740
  ep  5100/8000  reward_last100=+1.575  wins= 1  p_loss=-0.0333  v_loss=0.0012
  ep  5150/8000  reward_last100=+1.370  wins= 1  p_loss=-0.0410  v_loss=0.0156
  ep  5200/8000  reward_last100=+1.325  wins= 2  p_loss=-0.0153  v_loss=0.1221
  ep  5250/8000  reward_last100=+1.330  wins= 1  p_loss=-0.0715  v_loss=0.0111
  ep  5300/8000  reward_last100=+1.185  wins= 1  p_loss=-0.0428  v_loss=0.0002
  ep  5350/8000  reward_last100=+1.185  wins= 1  p_loss=-0.0063  v_loss=0.0037
  ep  5400/8000  reward_last100=+1.210  wins= 2  p_loss=-0.0424  v_loss=0.3747
  ep  5450/8000  reward_last100=+1.115  wins= 1  p_loss=+0.0007  v_loss=0.0000
  ep  5500/8000  reward_last100=+1.160  wins= 1  p_loss=+0.0008  v_loss=0.0007
  ep  5550/8000  reward_last100=+1.260  wins= 1  p_loss=-0.0117  v_loss=0.0007
  ep  5600/8000  reward_last100=+1.310  wins= 1  p_loss=+0.0098  v_loss=0.0022
  ep  5650/8000  reward_last100=+1.265  wins= 1  p_loss=+0.0066  v_loss=0.0001
  ep  5700/8000  reward_last100=+1.255  wins= 1  p_loss=-0.0326  v_loss=0.0004
  ep  5750/8000  reward_last100=+1.335  wins= 2  p_loss=-0.0414  v_loss=0.0641
  ep  5800/8000  reward_last100=+1.390  wins= 1  p_loss=-0.0181  v_loss=0.0431
  ep  5850/8000  reward_last100=+1.420  wins= 1  p_loss=+0.0029  v_loss=0.0090
  ep  5900/8000  reward_last100=+1.570  wins= 2  p_loss=-0.0656  v_loss=0.0619
  ep  5950/8000  reward_last100=+1.650  wins= 2  p_loss=-0.0040  v_loss=0.0325
  ep  6000/8000  reward_last100=+1.560  wins= 1  p_loss=+0.0047  v_loss=0.0176
  ep  6050/8000  reward_last100=+1.710  wins= 1  p_loss=+0.0224  v_loss=0.0066
  ep  6100/8000  reward_last100=+1.790  wins= 1  p_loss=-0.0035  v_loss=0.0033
  ep  6150/8000  reward_last100=+1.640  wins= 2  p_loss=-0.0199  v_loss=0.0484
  ep  6200/8000  reward_last100=+1.580  wins= 1  p_loss=-0.0067  v_loss=0.0281
  ep  6250/8000  reward_last100=+1.600  wins= 4  p_loss=-0.0188  v_loss=4.1884
  ep  6300/8000  reward_last100=+1.545  wins= 1  p_loss=-0.0159  v_loss=0.0009
  ep  6350/8000  reward_last100=+1.435  wins= 1  p_loss=-0.0537  v_loss=0.0125
  ep  6400/8000  reward_last100=+1.425  wins= 1  p_loss=-0.0053  v_loss=0.1340
  ep  6450/8000  reward_last100=+1.470  wins= 1  p_loss=-0.0592  v_loss=0.0173
  ep  6500/8000  reward_last100=+1.565  wins= 2  p_loss=+0.0102  v_loss=0.0403
  ep  6550/8000  reward_last100=+1.620  wins= 1  p_loss=+0.0151  v_loss=0.0059
  ep  6600/8000  reward_last100=+1.560  wins= 1  p_loss=-0.0024  v_loss=0.0029
  ep  6650/8000  reward_last100=+1.565  wins= 1  p_loss=-0.0339  v_loss=0.0001
  ep  6700/8000  reward_last100=+1.455  wins= 2  p_loss=-0.0656  v_loss=0.1048
  ep  6750/8000  reward_last100=+1.400  wins= 4  p_loss=-0.0457  v_loss=2.6134
  ep  6800/8000  reward_last100=+1.360  wins= 1  p_loss=-0.0533  v_loss=0.0032
  ep  6850/8000  reward_last100=+1.490  wins= 1  p_loss=-0.0576  v_loss=0.4733
  ep  6900/8000  reward_last100=+1.770  wins= 3  p_loss=-0.0202  v_loss=0.5537
  ep  6950/8000  reward_last100=+2.115  wins= 3  p_loss=-0.0121  v_loss=1.1896
  ep  7000/8000  reward_last100=+2.535  wins= 1  p_loss=+0.0010  v_loss=0.5681
  ep  7050/8000  reward_last100=+3.045  wins= 4  p_loss=-0.0286  v_loss=0.1877
  ep  7100/8000  reward_last100=+3.275  wins= 1  p_loss=-0.0305  v_loss=0.7062
  ep  7150/8000  reward_last100=+3.360  wins= 7  p_loss=-0.0366  v_loss=4.4730
  ep  7200/8000  reward_last100=+3.620  wins= 5  p_loss=-0.0606  v_loss=2.8229
  ep  7250/8000  reward_last100=+3.890  wins= 4  p_loss=-0.0385  v_loss=0.3426
  ep  7300/8000  reward_last100=+4.170  wins= 8  p_loss=-0.0194  v_loss=6.8062
  ep  7350/8000  reward_last100=+3.550  wins= 5  p_loss=-0.0486  v_loss=2.4933
  ep  7400/8000  reward_last100=+2.790  wins= 4  p_loss=-0.0826  v_loss=0.5703
  ep  7450/8000  reward_last100=+2.520  wins= 2  p_loss=-0.0290  v_loss=0.5694
  ep  7500/8000  reward_last100=+2.900  wins= 3  p_loss=-0.0461  v_loss=0.3748
  ep  7550/8000  reward_last100=+3.470  wins= 2  p_loss=-0.0356  v_loss=0.4804
  ep  7600/8000  reward_last100=+3.820  wins= 3  p_loss=-0.0902  v_loss=0.9072
  ep  7650/8000  reward_last100=+3.740  wins= 3  p_loss=+0.0067  v_loss=0.3626
  ep  7700/8000  reward_last100=+3.210  wins= 5  p_loss=-0.0517  v_loss=1.3328
  ep  7750/8000  reward_last100=+3.380  wins= 2  p_loss=-0.0160  v_loss=0.5600
  ep  7800/8000  reward_last100=+3.820  wins= 3  p_loss=-0.0641  v_loss=0.6651
  ep  7850/8000  reward_last100=+3.740  wins= 7  p_loss=-0.0023  v_loss=3.9039
  ep  7900/8000  reward_last100=+3.940  wins= 3  p_loss=-0.0636  v_loss=0.7009
  ep  7950/8000  reward_last100=+4.160  wins= 6  p_loss=-0.0499  v_loss=1.3485
  ep  8000/8000  reward_last100=+3.770  wins= 2  p_loss=-0.0539  v_loss=1.1161
Trained 8000 episodes. Final avg reward (last 100) = 3.770
Saved to c:\Users\maxim\Research\simulation\models\rl_deception\t5d_ppo_v14-fixed-8k.pt
Metrics: c:\Users\maxim\Research\simulation\models\rl_deception\runs\t5d_1781809136.jsonl
Status: c:\Users\maxim\Research\simulation\models\rl_deception\t5d_training_status_1781809136.json
